src/components/Card.tsx(23,49): error TS2339: Property 'small' does not exist on type '{ default: { shadowColor: string; shadowOffset: { width: number; height: number; }; shadowOpacity: number; shadowRadius: number; elevation: number; }; soft: { shadowColor: string; shadowOffset: { width: number; height: number; }; shadowOpacity: number; shadowRadius: number; elevation: number; }; glow: { ...; }; }'.
