src/screens/StudyDevotionalScreen.tsx(95,65): error TS2554: Expected 1 arguments, but got 2.
